---
http_interactions:
- request:
    method: post
    uri: http://localhost:3000/integration_api/graphql
    body:
      encoding: UTF-8
      string: '{"query":"query Mirah__Graphql__Queries__OrganizationQuery($first:
        Int, $last: Int, $after: String, $before: String, $externalId: [String!],
        $search: String) {\n  organizations(first: $first, after: $after, before:
        $before, last: $last, externalId: $externalId, search: $search) {\n    nodes
        {\n      ...Mirah__Graphql__Fragments__OrganizationFragment\n    }\n    pageInfo
        {\n      ...Mirah__Graphql__Fragments__PageInfoFragment\n    }\n  }\n}\n\nfragment
        Mirah__Graphql__Fragments__OrganizationFragment on Organization {\n  id\n  externalId\n  name\n  identifier
        {\n    value\n  }\n  partOf {\n    id\n    externalId\n  }\n}\n\nfragment
        Mirah__Graphql__Fragments__PageInfoFragment on PageInfo {\n  hasNextPage\n  hasPreviousPage\n  startCursor\n  endCursor\n}","variables":{"first":100},"operationName":"Mirah__Graphql__Queries__OrganizationQuery"}'
    headers:
      Accept-Encoding:
      - gzip;q=1.0,deflate;q=0.6,identity;q=0.3
      Accept:
      - application/json
      User-Agent:
      - Ruby
      Content-Type:
      - application/json
      Api-User-Id:
      - "<API_USER_ID>"
      Api-Key:
      - "<API_TOKEN>"
  response:
    status:
      code: 200
      message: OK
    headers:
      X-Frame-Options:
      - ALLOWALL
      Content-Type:
      - application/json; charset=utf-8
      Etag:
      - W/"626460444ab19defbbae707af12827cb"
      Cache-Control:
      - max-age=0, private, must-revalidate
      X-Request-Id:
      - 6a177e5f-004c-4b80-82f3-448a13fb375d
      X-Runtime:
      - '0.075895'
      Vary:
      - Accept-Encoding
      Transfer-Encoding:
      - chunked
    body:
      encoding: ASCII-8BIT
      string: '{"data":{"organizations":{"nodes":[{"id":"9345bd5e-55f7-480a-9bc8-f37270cacbeb","externalId":"hospital","name":"Test
        Hospital","identifier":[{"value":"hospital"}],"partOf":null},{"id":"f0190622-db4c-4273-b745-d699fc60b2e6","externalId":"acute","name":"Acute
        Unit","identifier":[{"value":"acute"}],"partOf":{"id":"9345bd5e-55f7-480a-9bc8-f37270cacbeb","externalId":"hospital"}}],"pageInfo":{"hasNextPage":false,"hasPreviousPage":false,"startCursor":"MQ","endCursor":"Mg"}}}}'
  recorded_at: Mon, 15 Jun 2020 19:22:41 GMT
- request:
    method: post
    uri: http://localhost:3000/integration_api/graphql
    body:
      encoding: UTF-8
      string: '{"query":"query Mirah__Graphql__Queries__OrganizationQuery($first:
        Int, $last: Int, $after: String, $before: String, $externalId: [String!],
        $search: String) {\n  organizations(first: $first, after: $after, before:
        $before, last: $last, externalId: $externalId, search: $search) {\n    nodes
        {\n      ...Mirah__Graphql__Fragments__OrganizationFragment\n    }\n    pageInfo
        {\n      ...Mirah__Graphql__Fragments__PageInfoFragment\n    }\n  }\n}\n\nfragment
        Mirah__Graphql__Fragments__OrganizationFragment on Organization {\n  id\n  externalId\n  name\n  identifier
        {\n    value\n  }\n  partOf {\n    id\n    externalId\n  }\n}\n\nfragment
        Mirah__Graphql__Fragments__PageInfoFragment on PageInfo {\n  hasNextPage\n  hasPreviousPage\n  startCursor\n  endCursor\n}","variables":{"externalId":["hospital"],"search":"Test
        Hospital","first":100},"operationName":"Mirah__Graphql__Queries__OrganizationQuery"}'
    headers:
      Accept-Encoding:
      - gzip;q=1.0,deflate;q=0.6,identity;q=0.3
      Accept:
      - application/json
      User-Agent:
      - Ruby
      Content-Type:
      - application/json
      Api-User-Id:
      - "<API_USER_ID>"
      Api-Key:
      - "<API_TOKEN>"
  response:
    status:
      code: 200
      message: OK
    headers:
      X-Frame-Options:
      - ALLOWALL
      Content-Type:
      - application/json; charset=utf-8
      Etag:
      - W/"4e96e7fdc7a30baeaff85cbf6a864ff8"
      Cache-Control:
      - max-age=0, private, must-revalidate
      X-Request-Id:
      - 5c0dc4ce-214d-418c-bb43-d7ad90ea8198
      X-Runtime:
      - '0.060851'
      Vary:
      - Accept-Encoding
      Transfer-Encoding:
      - chunked
    body:
      encoding: ASCII-8BIT
      string: '{"data":{"organizations":{"nodes":[{"id":"9345bd5e-55f7-480a-9bc8-f37270cacbeb","externalId":"hospital","name":"Test
        Hospital","identifier":[{"value":"hospital"}],"partOf":null}],"pageInfo":{"hasNextPage":false,"hasPreviousPage":false,"startCursor":"MQ","endCursor":"MQ"}}}}'
  recorded_at: Mon, 15 Jun 2020 19:22:41 GMT
- request:
    method: post
    uri: http://localhost:3000/integration_api/graphql
    body:
      encoding: UTF-8
      string: '{"query":"query Mirah__Graphql__Queries__OrganizationExternalIdQuery($externalId:
        String!) {\n  organizationExternal(externalId: $externalId) {\n    ...Mirah__Graphql__Fragments__OrganizationFragment\n  }\n}\n\nfragment
        Mirah__Graphql__Fragments__OrganizationFragment on Organization {\n  id\n  externalId\n  name\n  identifier
        {\n    value\n  }\n  partOf {\n    id\n    externalId\n  }\n}","variables":{"externalId":"hospital"},"operationName":"Mirah__Graphql__Queries__OrganizationExternalIdQuery"}'
    headers:
      Accept-Encoding:
      - gzip;q=1.0,deflate;q=0.6,identity;q=0.3
      Accept:
      - application/json
      User-Agent:
      - Ruby
      Content-Type:
      - application/json
      Api-User-Id:
      - "<API_USER_ID>"
      Api-Key:
      - "<API_TOKEN>"
  response:
    status:
      code: 200
      message: OK
    headers:
      X-Frame-Options:
      - ALLOWALL
      Content-Type:
      - application/json; charset=utf-8
      Etag:
      - W/"ebb04042c272a69c6e6bd4e3b5c6a648"
      Cache-Control:
      - max-age=0, private, must-revalidate
      X-Request-Id:
      - a84630d6-e1c9-4dad-83ca-6456214f0806
      X-Runtime:
      - '0.041567'
      Vary:
      - Accept-Encoding
      Transfer-Encoding:
      - chunked
    body:
      encoding: ASCII-8BIT
      string: '{"data":{"organizationExternal":{"id":"9345bd5e-55f7-480a-9bc8-f37270cacbeb","externalId":"hospital","name":"Test
        Hospital","identifier":[{"value":"hospital"}],"partOf":null}}}'
  recorded_at: Mon, 15 Jun 2020 19:22:41 GMT
- request:
    method: post
    uri: http://localhost:3000/integration_api/graphql
    body:
      encoding: UTF-8
      string: '{"query":"query Mirah__Graphql__Queries__OrganizationIdQuery($id: ID!)
        {\n  organization(id: $id) {\n    ...Mirah__Graphql__Fragments__OrganizationFragment\n  }\n}\n\nfragment
        Mirah__Graphql__Fragments__OrganizationFragment on Organization {\n  id\n  externalId\n  name\n  identifier
        {\n    value\n  }\n  partOf {\n    id\n    externalId\n  }\n}","variables":{"id":"9345bd5e-55f7-480a-9bc8-f37270cacbeb"},"operationName":"Mirah__Graphql__Queries__OrganizationIdQuery"}'
    headers:
      Accept-Encoding:
      - gzip;q=1.0,deflate;q=0.6,identity;q=0.3
      Accept:
      - application/json
      User-Agent:
      - Ruby
      Content-Type:
      - application/json
      Api-User-Id:
      - "<API_USER_ID>"
      Api-Key:
      - "<API_TOKEN>"
  response:
    status:
      code: 200
      message: OK
    headers:
      X-Frame-Options:
      - ALLOWALL
      Content-Type:
      - application/json; charset=utf-8
      Etag:
      - W/"562c94a92b1d80e08b43207fb790dbb8"
      Cache-Control:
      - max-age=0, private, must-revalidate
      X-Request-Id:
      - eb99be78-660a-4bbf-a25f-15039030a75c
      X-Runtime:
      - '0.047643'
      Vary:
      - Accept-Encoding
      Transfer-Encoding:
      - chunked
    body:
      encoding: ASCII-8BIT
      string: '{"data":{"organization":{"id":"9345bd5e-55f7-480a-9bc8-f37270cacbeb","externalId":"hospital","name":"Test
        Hospital","identifier":[{"value":"hospital"}],"partOf":null}}}'
  recorded_at: Mon, 15 Jun 2020 19:22:41 GMT
- request:
    method: post
    uri: http://localhost:3000/integration_api/graphql
    body:
      encoding: UTF-8
      string: '{"query":"mutation Mirah__Graphql__Mutations__CreateOrUpdateOrganizationMutation($input:
        CreateOrUpdateOrganizationInput!) {\n  createOrUpdateOrganization(input: $input)
        {\n    status\n    errors {\n      path\n      message\n    }\n    result
        {\n      ...Mirah__Graphql__Fragments__OrganizationFragment\n    }\n  }\n}\n\nfragment
        Mirah__Graphql__Fragments__OrganizationFragment on Organization {\n  id\n  externalId\n  name\n  identifier
        {\n    value\n  }\n  partOf {\n    id\n    externalId\n  }\n}","variables":{"input":{"externalId":"outpatient","name":"Outpatient
        Therapy","externalPartOfId":"hospital"}},"operationName":"Mirah__Graphql__Mutations__CreateOrUpdateOrganizationMutation"}'
    headers:
      Accept-Encoding:
      - gzip;q=1.0,deflate;q=0.6,identity;q=0.3
      Accept:
      - application/json
      User-Agent:
      - Ruby
      Content-Type:
      - application/json
      Api-User-Id:
      - "<API_USER_ID>"
      Api-Key:
      - "<API_TOKEN>"
  response:
    status:
      code: 200
      message: OK
    headers:
      X-Frame-Options:
      - ALLOWALL
      Content-Type:
      - application/json; charset=utf-8
      Etag:
      - W/"457d6629fb59adf873f8822db576c448"
      Cache-Control:
      - max-age=0, private, must-revalidate
      X-Request-Id:
      - 38a38dcc-50a2-49f4-b737-f71ca9fdcfb3
      X-Runtime:
      - '0.093866'
      Vary:
      - Accept-Encoding
      Transfer-Encoding:
      - chunked
    body:
      encoding: ASCII-8BIT
      string: '{"data":{"createOrUpdateOrganization":{"status":"CREATED","errors":[],"result":{"id":"05a75400-f7b2-456b-ba91-ca630166986a","externalId":"outpatient","name":"Outpatient
        Therapy","identifier":[{"value":"outpatient"}],"partOf":{"id":"9345bd5e-55f7-480a-9bc8-f37270cacbeb","externalId":"hospital"}}}}}'
  recorded_at: Mon, 15 Jun 2020 19:22:41 GMT
recorded_with: VCR 6.0.0
