---
http_interactions:
- request:
    method: post
    uri: http://localhost:3000/integration_api/graphql
    body:
      encoding: UTF-8
      string: '{"query":"query Mirah__Graphql__Queries__PractitionerQuery($first:
        Int, $last: Int, $after: String, $before: String, $externalId: [String!],
        $search: String) {\n  practitioners(first: $first, after: $after, before:
        $before, last: $last, externalId: $externalId, search: $search) {\n    nodes
        {\n      ...Mirah__Graphql__Fragments__PractitionerFragment\n    }\n    pageInfo
        {\n      ...Mirah__Graphql__Fragments__PageInfoFragment\n    }\n  }\n}\n\nfragment
        Mirah__Graphql__Fragments__PractitionerFragment on Practitioner {\n  id\n  externalId\n  givenName\n  familyName\n  title\n  suffix\n  email\n  defaultPractitionerRole\n  ssoUsername\n  identifier
        {\n    value\n  }\n  organizations {\n    id\n    externalId\n  }\n}\n\nfragment
        Mirah__Graphql__Fragments__PageInfoFragment on PageInfo {\n  hasNextPage\n  hasPreviousPage\n  startCursor\n  endCursor\n}","variables":{"first":100},"operationName":"Mirah__Graphql__Queries__PractitionerQuery"}'
    headers:
      Accept-Encoding:
      - gzip;q=1.0,deflate;q=0.6,identity;q=0.3
      Accept:
      - application/json
      User-Agent:
      - Ruby
      Content-Type:
      - application/json
      Api-User-Id:
      - "<API_USER_ID>"
      Api-Key:
      - "<API_TOKEN>"
  response:
    status:
      code: 200
      message: OK
    headers:
      X-Frame-Options:
      - ALLOWALL
      Content-Type:
      - application/json; charset=utf-8
      Etag:
      - W/"2b1f767d4f69583c0bdefb448b941df9"
      Cache-Control:
      - max-age=0, private, must-revalidate
      X-Request-Id:
      - d30d95a6-95dc-43b5-93ab-e7c4a2a09d2a
      X-Runtime:
      - '0.065132'
      Vary:
      - Accept-Encoding
      Transfer-Encoding:
      - chunked
    body:
      encoding: ASCII-8BIT
      string: '{"data":{"practitioners":{"nodes":[{"id":"2229c7fb-fc5f-4b1a-969b-22609a13f648","externalId":"house","givenName":"Greg","familyName":"House","title":"Dr","suffix":"MD","email":"example+house@mirah.com","defaultPractitionerRole":"CLINICIAN","ssoUsername":"example+house@mirah.com","identifier":[{"value":"house"}],"organizations":[{"id":"7ffed136-72f9-4753-979c-aef9b509e8c6","externalId":"hospital"}]},{"id":"c012250c-e3d3-4a61-948d-cc24d9472cd7","externalId":"scully","givenName":"Dana","familyName":"Scully","title":"Dr","suffix":"MD","email":"example+scully@mirah.com","defaultPractitionerRole":"CLINICIAN","ssoUsername":"example+scully@mirah.com","identifier":[{"value":"scully"}],"organizations":[{"id":"e2ccad0d-f1bd-4db6-b192-25166080894f","externalId":"acute"}]}],"pageInfo":{"hasNextPage":false,"hasPreviousPage":false,"startCursor":"MQ","endCursor":"Mg"}}}}'
  recorded_at: Mon, 15 Jun 2020 20:37:27 GMT
- request:
    method: post
    uri: http://localhost:3000/integration_api/graphql
    body:
      encoding: UTF-8
      string: '{"query":"query Mirah__Graphql__Queries__PractitionerQuery($first:
        Int, $last: Int, $after: String, $before: String, $externalId: [String!],
        $search: String) {\n  practitioners(first: $first, after: $after, before:
        $before, last: $last, externalId: $externalId, search: $search) {\n    nodes
        {\n      ...Mirah__Graphql__Fragments__PractitionerFragment\n    }\n    pageInfo
        {\n      ...Mirah__Graphql__Fragments__PageInfoFragment\n    }\n  }\n}\n\nfragment
        Mirah__Graphql__Fragments__PractitionerFragment on Practitioner {\n  id\n  externalId\n  givenName\n  familyName\n  title\n  suffix\n  email\n  defaultPractitionerRole\n  ssoUsername\n  identifier
        {\n    value\n  }\n  organizations {\n    id\n    externalId\n  }\n}\n\nfragment
        Mirah__Graphql__Fragments__PageInfoFragment on PageInfo {\n  hasNextPage\n  hasPreviousPage\n  startCursor\n  endCursor\n}","variables":{"externalId":["house"],"search":"Greg","first":100},"operationName":"Mirah__Graphql__Queries__PractitionerQuery"}'
    headers:
      Accept-Encoding:
      - gzip;q=1.0,deflate;q=0.6,identity;q=0.3
      Accept:
      - application/json
      User-Agent:
      - Ruby
      Content-Type:
      - application/json
      Api-User-Id:
      - "<API_USER_ID>"
      Api-Key:
      - "<API_TOKEN>"
  response:
    status:
      code: 200
      message: OK
    headers:
      X-Frame-Options:
      - ALLOWALL
      Content-Type:
      - application/json; charset=utf-8
      Etag:
      - W/"42f55fc38e01f43dc4f57bfadd6edd20"
      Cache-Control:
      - max-age=0, private, must-revalidate
      X-Request-Id:
      - 0571d979-12d2-4cc2-b5b0-830d9b57674d
      X-Runtime:
      - '0.042733'
      Vary:
      - Accept-Encoding
      Transfer-Encoding:
      - chunked
    body:
      encoding: ASCII-8BIT
      string: '{"data":{"practitioners":{"nodes":[{"id":"2229c7fb-fc5f-4b1a-969b-22609a13f648","externalId":"house","givenName":"Greg","familyName":"House","title":"Dr","suffix":"MD","email":"example+house@mirah.com","defaultPractitionerRole":"CLINICIAN","ssoUsername":"example+house@mirah.com","identifier":[{"value":"house"}],"organizations":[{"id":"7ffed136-72f9-4753-979c-aef9b509e8c6","externalId":"hospital"}]}],"pageInfo":{"hasNextPage":false,"hasPreviousPage":false,"startCursor":"MQ","endCursor":"MQ"}}}}'
  recorded_at: Mon, 15 Jun 2020 20:37:27 GMT
- request:
    method: post
    uri: http://localhost:3000/integration_api/graphql
    body:
      encoding: UTF-8
      string: '{"query":"query Mirah__Graphql__Queries__PractitionerExternalIdQuery($externalId:
        String!) {\n  practitionerExternal(externalId: $externalId) {\n    ...Mirah__Graphql__Fragments__PractitionerFragment\n  }\n}\n\nfragment
        Mirah__Graphql__Fragments__PractitionerFragment on Practitioner {\n  id\n  externalId\n  givenName\n  familyName\n  title\n  suffix\n  email\n  defaultPractitionerRole\n  ssoUsername\n  identifier
        {\n    value\n  }\n  organizations {\n    id\n    externalId\n  }\n}","variables":{"externalId":"house"},"operationName":"Mirah__Graphql__Queries__PractitionerExternalIdQuery"}'
    headers:
      Accept-Encoding:
      - gzip;q=1.0,deflate;q=0.6,identity;q=0.3
      Accept:
      - application/json
      User-Agent:
      - Ruby
      Content-Type:
      - application/json
      Api-User-Id:
      - "<API_USER_ID>"
      Api-Key:
      - "<API_TOKEN>"
  response:
    status:
      code: 200
      message: OK
    headers:
      X-Frame-Options:
      - ALLOWALL
      Content-Type:
      - application/json; charset=utf-8
      Etag:
      - W/"98a6ef7eb547f7709beee03dcba2c00f"
      Cache-Control:
      - max-age=0, private, must-revalidate
      X-Request-Id:
      - 0c361d09-dedf-443d-b967-495ef4724514
      X-Runtime:
      - '0.041940'
      Vary:
      - Accept-Encoding
      Transfer-Encoding:
      - chunked
    body:
      encoding: ASCII-8BIT
      string: '{"data":{"practitionerExternal":{"id":"2229c7fb-fc5f-4b1a-969b-22609a13f648","externalId":"house","givenName":"Greg","familyName":"House","title":"Dr","suffix":"MD","email":"example+house@mirah.com","defaultPractitionerRole":"CLINICIAN","ssoUsername":"example+house@mirah.com","identifier":[{"value":"house"}],"organizations":[{"id":"7ffed136-72f9-4753-979c-aef9b509e8c6","externalId":"hospital"}]}}}'
  recorded_at: Mon, 15 Jun 2020 20:37:27 GMT
- request:
    method: post
    uri: http://localhost:3000/integration_api/graphql
    body:
      encoding: UTF-8
      string: '{"query":"query Mirah__Graphql__Queries__PractitionerIdQuery($id: ID!)
        {\n  practitioner(id: $id) {\n    ...Mirah__Graphql__Fragments__PractitionerFragment\n  }\n}\n\nfragment
        Mirah__Graphql__Fragments__PractitionerFragment on Practitioner {\n  id\n  externalId\n  givenName\n  familyName\n  title\n  suffix\n  email\n  defaultPractitionerRole\n  ssoUsername\n  identifier
        {\n    value\n  }\n  organizations {\n    id\n    externalId\n  }\n}","variables":{"id":"2229c7fb-fc5f-4b1a-969b-22609a13f648"},"operationName":"Mirah__Graphql__Queries__PractitionerIdQuery"}'
    headers:
      Accept-Encoding:
      - gzip;q=1.0,deflate;q=0.6,identity;q=0.3
      Accept:
      - application/json
      User-Agent:
      - Ruby
      Content-Type:
      - application/json
      Api-User-Id:
      - "<API_USER_ID>"
      Api-Key:
      - "<API_TOKEN>"
  response:
    status:
      code: 200
      message: OK
    headers:
      X-Frame-Options:
      - ALLOWALL
      Content-Type:
      - application/json; charset=utf-8
      Etag:
      - W/"bd5d29110e252b9f035fcef4718f8f47"
      Cache-Control:
      - max-age=0, private, must-revalidate
      X-Request-Id:
      - 8e64d8fc-93f8-4860-963b-0df5556a0f8b
      X-Runtime:
      - '0.039377'
      Vary:
      - Accept-Encoding
      Transfer-Encoding:
      - chunked
    body:
      encoding: ASCII-8BIT
      string: '{"data":{"practitioner":{"id":"2229c7fb-fc5f-4b1a-969b-22609a13f648","externalId":"house","givenName":"Greg","familyName":"House","title":"Dr","suffix":"MD","email":"example+house@mirah.com","defaultPractitionerRole":"CLINICIAN","ssoUsername":"example+house@mirah.com","identifier":[{"value":"house"}],"organizations":[{"id":"7ffed136-72f9-4753-979c-aef9b509e8c6","externalId":"hospital"}]}}}'
  recorded_at: Mon, 15 Jun 2020 20:37:27 GMT
- request:
    method: post
    uri: http://localhost:3000/integration_api/graphql
    body:
      encoding: UTF-8
      string: '{"query":"mutation Mirah__Graphql__Mutations__CreateOrUpdatePractitionerMutation($input:
        CreateOrUpdatePractitionerInput!) {\n  createOrUpdatePractitioner(input: $input)
        {\n    status\n    errors {\n      path\n      message\n    }\n    result
        {\n      ...Mirah__Graphql__Fragments__PractitionerFragment\n    }\n  }\n}\n\nfragment
        Mirah__Graphql__Fragments__PractitionerFragment on Practitioner {\n  id\n  externalId\n  givenName\n  familyName\n  title\n  suffix\n  email\n  defaultPractitionerRole\n  ssoUsername\n  identifier
        {\n    value\n  }\n  organizations {\n    id\n    externalId\n  }\n}","variables":{"input":{"externalId":"drzoidberg","givenName":"John","familyName":"Zoiberg","title":"Dr","suffix":"MD","email":"zoidberg@mirah.com","defaultPractitionerRole":"CLINICIAN","ssoUsername":"drzoidberg","externalOrganizationIds":["hospital"]}},"operationName":"Mirah__Graphql__Mutations__CreateOrUpdatePractitionerMutation"}'
    headers:
      Accept-Encoding:
      - gzip;q=1.0,deflate;q=0.6,identity;q=0.3
      Accept:
      - application/json
      User-Agent:
      - Ruby
      Content-Type:
      - application/json
      Api-User-Id:
      - "<API_USER_ID>"
      Api-Key:
      - "<API_TOKEN>"
  response:
    status:
      code: 200
      message: OK
    headers:
      X-Frame-Options:
      - ALLOWALL
      Content-Type:
      - application/json; charset=utf-8
      Etag:
      - W/"5c05a727b18f55c4477fb95ed660ed71"
      Cache-Control:
      - max-age=0, private, must-revalidate
      X-Request-Id:
      - bb56ef29-48f3-40fe-890a-77baad1e5208
      X-Runtime:
      - '0.079539'
      Vary:
      - Accept-Encoding
      Transfer-Encoding:
      - chunked
    body:
      encoding: ASCII-8BIT
      string: '{"data":{"createOrUpdatePractitioner":{"status":"CREATED","errors":[],"result":{"id":"896bd09d-3df0-4acc-a7fd-a3ddd8f28d2d","externalId":"drzoidberg","givenName":"John","familyName":"Zoiberg","title":"Dr","suffix":"MD","email":"zoidberg@mirah.com","defaultPractitionerRole":"CLINICIAN","ssoUsername":"drzoidberg","identifier":[{"value":"drzoidberg"}],"organizations":[{"id":"7ffed136-72f9-4753-979c-aef9b509e8c6","externalId":"hospital"}]}}}}'
  recorded_at: Mon, 15 Jun 2020 20:37:27 GMT
recorded_with: VCR 6.0.0
